{
  "name": "places/ChIJP3Sa8ziYEmsRUKgyFmh9AQM",
  "id": "ChIJP3Sa8ziYEmsRUKgyFmh9AQM",
  "types": [
    "colloquial_area",
    "locality",
    "political"
  ],
  "formattedAddress": "Sydney NSW, Australia",
  "addressComponents": [
    {
      "longText": "Sydney",
      "shortText": "Sydney",
      "types": [
        "colloquial_area",
        "locality",
        "political"
      ],
      "languageCode": "en"
    },
    {
      "longText": "New South Wales",
      "shortText": "NSW",
      "types": [
        "administrative_area_level_1",
        "political"
      ],
      "languageCode": "en"
    },
    {
      "longText": "Australia",
      "shortText": "AU",
      "types": [
        "country",
        "political"
      ],
      "languageCode": "en"
    }
  ],
  "location": {
    "latitude": -33.868819699999996,
    "longitude": 151.2092955
  },
  "viewport": {
    "low": {
      "latitude": -34.118346998884427,
      "longitude": 150.52092860262238
    },
    "high": {
      "latitude": -33.578140945220206,
      "longitude": 151.34302094586991
    }
  },
  "googleMapsUri": "https://maps.google.com/?cid=216592143092983888",
  "utcOffsetMinutes": 600,
  "adrFormatAddress": "\u003cspan class=\"locality\"\u003eSydney\u003c/span\u003e \u003cspan class=\"region\"\u003eNSW\u003c/span\u003e, \u003cspan class=\"country-name\"\u003eAustralia\u003c/span\u003e",
  "iconMaskBaseUri": "https://maps.gstatic.com/mapfiles/place_api/icons/v2/generic_pinlet",
  "iconBackgroundColor": "#7B9EB0",
  "displayName": {
    "text": "Sydney",
    "languageCode": "en"
  },
  "shortFormattedAddress": "Sydney",
  "photos": [
    {
      "name": "places/ChIJP3Sa8ziYEmsRUKgyFmh9AQM/photos/AelY_CsWMxhsL8mXjtHvL0KGsQsNHXLE9EcwcqP9LeoO9JErAVw1MBHGA0Cfb1YslCkiJ3cPU7O07bP_dVwjiaigu0TkCAPMuWxWrKwTyPr7QEMZkt6NruHXtfbxsc_C6_d-uYA2IJNag29q_k4d1cOiL9OMLjgNW00JA12-",
      "widthPx": 4344,
      "heightPx": 2922,
      "authorAttributions": [
        {
          "displayName": "Elena Gallo",
          "uri": "//maps.google.com/maps/contrib/103312383445637053560",
          "photoUri": "//lh3.googleusercontent.com/a-/ALV-UjXkmC4cdCF_NHAm2Zb4adairDwLQ4KOBbhlRqqjPsSf1zAt334=s100-p-k-no-mo"
        }
      ]
    },
    {
      "name": "places/ChIJP3Sa8ziYEmsRUKgyFmh9AQM/photos/AelY_CsdpJ4SNTZm-Z6H4Iu-mfYUgNYimZKyxiy9FREF1IraGyKMeuDn6mwBAngZ86VBCh-MROKYz7kJJwC4Qd5dsbJKrvMpAyr5yckcCHgtrRpvxnhBeubOCzGaTjINyOPoN7DP-mxebYAre29f6m6hYysCL2mQNXA-yQ4I",
      "widthPx": 1600,
      "heightPx": 1200,
      "authorAttributions": [
        {
          "displayName": "Frequent Flyer",
          "uri": "//maps.google.com/maps/contrib/108132508550011630623",
          "photoUri": "//lh3.googleusercontent.com/a-/ALV-UjUfptFd0KPWyxZeX8ehMQpM_p4Q7on2cQx8joHjRYIjs5YCT-U5=s100-p-k-no-mo"
        }
      ]
    },
    {
      "name": "places/ChIJP3Sa8ziYEmsRUKgyFmh9AQM/photos/AelY_CtV8kMAY4d9CsS6XzTXh7tv_6llmadRyGMk_nwv4pKa_aXSBYqb9ZJ-zNY6xZhZ83YHMvnmXOOQ9oe46WKM4rkNtSRYK_Lj1AyPtNJR_hDvkHVavTbCuIds_K8GXqvXFb6YiFumOy-2RXhycQ0zSOG9-RwYYV_wfBPR",
      "widthPx": 4800,
      "heightPx": 3340,
      "authorAttributions": [
        {
          "displayName": "Dušan Momčilović",
          "uri": "//maps.google.com/maps/contrib/110799559155852166119",
          "photoUri": "//lh3.googleusercontent.com/a-/ALV-UjWGQMVI8vdOawheacq6hWdgAu_VSHKWyTfZUSVcYhMwiJsEcW4=s100-p-k-no-mo"
        }
      ]
    },
    {
      "name": "places/ChIJP3Sa8ziYEmsRUKgyFmh9AQM/photos/AelY_CtPIyia3vMW_HWMr1xzNAXB8QEuZTFcmQd9pRj2TnKYAyCVnKzDQXzLPmu0My6pCCrEMP-VwKYh5aaGwD8-_GLe9ZJtcTGtFuqM4lieoz6ghx9ns-GUmVieyyva5CJQkdgzkW5_V8whpOFMPGBqnvpo1pzPfRW76ylO",
      "widthPx": 4800,
      "heightPx": 3201,
      "authorAttributions": [
        {
          "displayName": "BRAJ MOHAN",
          "uri": "//maps.google.com/maps/contrib/104301560497474349172",
          "photoUri": "//lh3.googleusercontent.com/a-/ALV-UjXp9tY_7e4xJ9w4PJEdVBaXI2RpURIXYd4KA44ySQNj98sRcrzK=s100-p-k-no-mo"
        }
      ]
    },
    {
      "name": "places/ChIJP3Sa8ziYEmsRUKgyFmh9AQM/photos/AelY_CsV9lETjEMhAcr-X0XNIeU02_c-pp9N9_qmY7LsF6uqj1g-lKG0GhUsrBKNPSA0lhxzL1tPeTa-0FEyZJVlEXeQ9qMGapYG8Fa_QPaZ0WsZencPSQc05aAe33qgr6Jx9UaCvfvfEbbWDAoyufOKPx7SEb7d14El-BV3",
      "widthPx": 2950,
      "heightPx": 1871,
      "authorAttributions": [
        {
          "displayName": "Viktor Berezin Chess",
          "uri": "//maps.google.com/maps/contrib/100481177868248181761",
          "photoUri": "//lh3.googleusercontent.com/a-/ALV-UjWagofh-jtwsaT22YfVYxRKGLiFDlXhl_BCFPpaQh4Bexj_zis0cw=s100-p-k-no-mo"
        }
      ]
    },
    {
      "name": "places/ChIJP3Sa8ziYEmsRUKgyFmh9AQM/photos/AelY_CtNu3hSTRQ0L68tP6FN0lySg1kvNSG0usb7VA699YKGa0f2yce_KjRaiK0r7bgUb3o8nQnM05kpNdkfoQO1ldI4q0JQXW0p88igguPzcKuzIDjjdpTIAcFfszd31vhdRTtxJhlJitQ5z9O4xsjw2CMf8AXHDMC44BRe",
      "widthPx": 1600,
      "heightPx": 1200,
      "authorAttributions": [
        {
          "displayName": "Frequent Flyer",
          "uri": "//maps.google.com/maps/contrib/108132508550011630623",
          "photoUri": "//lh3.googleusercontent.com/a-/ALV-UjUfptFd0KPWyxZeX8ehMQpM_p4Q7on2cQx8joHjRYIjs5YCT-U5=s100-p-k-no-mo"
        }
      ]
    },
    {
      "name": "places/ChIJP3Sa8ziYEmsRUKgyFmh9AQM/photos/AelY_CsgxKP1G0vjHWEu0divV95q-Kf5SdHQ0q6_MyPFXdrEbQKsuJ2uxwo7Moz9L-q2EdsYwvbyufCp4YfihyG22K6SWfJsPm_zetVJc_xf4jmYs3T7sY2WU1R7EAFVEic8t6kfOMN079FzhyGjwRdpzERYoA-EP1h1jcQD",
      "widthPx": 4800,
      "heightPx": 3600,
      "authorAttributions": [
        {
          "displayName": "Zsombor Unger",
          "uri": "//maps.google.com/maps/contrib/115877304805682819883",
          "photoUri": "//lh3.googleusercontent.com/a/ACg8ocJeF2UcjF2RZ2oz8GCvt1CG3LMRy1AAts-GIrsOrJJh548yhw=s100-p-k-no-mo"
        }
      ]
    },
    {
      "name": "places/ChIJP3Sa8ziYEmsRUKgyFmh9AQM/photos/AelY_CtU9MQads5RSQKb_qbgdFvwaNLvNgU5GnMRnAX-8k52KT6Rf65-hG41Pc37ORFtsPOfLLtkchkWozMD4wHKe3pWr-acT-UCPOjLAN1Z4ljXbY3R4D0wK_W8diccT_Fbe_heXT3N6NQpMSvRYpS3K-E2EzlrkV2S-L-A",
      "widthPx": 1767,
      "heightPx": 1404,
      "authorAttributions": [
        {
          "displayName": "Edward Liu",
          "uri": "//maps.google.com/maps/contrib/102938466735646365189",
          "photoUri": "//lh3.googleusercontent.com/a-/ALV-UjWPvHksqHtc7k2q37sNuwwkXTS4Vf2kfWq3Zguw7PumEQ1qjo0n=s100-p-k-no-mo"
        }
      ]
    },
    {
      "name": "places/ChIJP3Sa8ziYEmsRUKgyFmh9AQM/photos/AelY_Cv53l0vAm1KlaSxNaftf7hjCX7PkTxzPM3SVUvUuOJJJgqbBSqx8kro3mx8CSVssLU96v6ZwgcMZiDZru_Qxk56ShyfwykfgjhHB6ohwXRgZzSGs98DC5JKP1WkAZjP4IWZN5P92f-abrefLRXXzB8pNwcGpPMbDnp0",
      "widthPx": 2304,
      "heightPx": 1728,
      "authorAttributions": [
        {
          "displayName": "Viktor Berezin Chess",
          "uri": "//maps.google.com/maps/contrib/100481177868248181761",
          "photoUri": "//lh3.googleusercontent.com/a-/ALV-UjWagofh-jtwsaT22YfVYxRKGLiFDlXhl_BCFPpaQh4Bexj_zis0cw=s100-p-k-no-mo"
        }
      ]
    },
    {
      "name": "places/ChIJP3Sa8ziYEmsRUKgyFmh9AQM/photos/AelY_CujNnNIEyhB8_Sch27KiCwf-gtltbXgyQ0KMrZrxSM8oMGzyFDi6sAAXEVd0IaEJKiVhCAXsrzymszTJrB6nSvyHm7Rcm8SUJkB_fHkespwqaMU9DMLVf4wpoHkNhPT4br_3L3jt39BhKkk7EhfQCNt1uNsh5rozESB",
      "widthPx": 2504,
      "heightPx": 1700,
      "authorAttributions": [
        {
          "displayName": "Sun Wuyuan孙午元",
          "uri": "//maps.google.com/maps/contrib/107707534641413214736",
          "photoUri": "//lh3.googleusercontent.com/a-/ALV-UjVxkL2PqxgmqUAAqnct2LrvBPYgxqwaR4PCF_onSKnLKieIqgPhWw=s100-p-k-no-mo"
        }
      ]
    }
  ]
}
