{
  "name": "places/ChIJF5-RdGquEmsR5rN_H74uSqQ",
  "id": "ChIJF5-RdGquEmsR5rN_H74uSqQ",
  "types": [
    "french_restaurant",
    "restaurant",
    "food",
    "point_of_interest",
    "establishment"
  ],
  "nationalPhoneNumber": "(02) 9232 0881",
  "internationalPhoneNumber": "+61 2 9232 0881",
  "formattedAddress": "15 Bligh St, Sydney NSW 2000, Australia",
  "addressComponents": [
    {
      "longText": "15",
      "shortText": "15",
      "types": [
        "street_number"
      ],
      "languageCode": "en-US"
    },
    {
      "longText": "Bligh Street",
      "shortText": "Bligh St",
      "types": [
        "route"
      ],
      "languageCode": "en"
    },
    {
      "longText": "Sydney",
      "shortText": "Sydney",
      "types": [
        "locality",
        "political"
      ],
      "languageCode": "en"
    },
    {
      "longText": "Council of the City of Sydney",
      "shortText": "Sydney",
      "types": [
        "administrative_area_level_2",
        "political"
      ],
      "languageCode": "en"
    },
    {
      "longText": "New South Wales",
      "shortText": "NSW",
      "types": [
        "administrative_area_level_1",
        "political"
      ],
      "languageCode": "en"
    },
    {
      "longText": "Australia",
      "shortText": "AU",
      "types": [
        "country",
        "political"
      ],
      "languageCode": "en"
    },
    {
      "longText": "2000",
      "shortText": "2000",
      "types": [
        "postal_code"
      ],
      "languageCode": "en-US"
    }
  ],
  "plusCode": {
    "globalCode": "4RRH46M6+W5",
    "compoundCode": "46M6+W5 Sydney NSW, Australia"
  },
  "location": {
    "latitude": -33.865130400000005,
    "longitude": 151.2104197
  },
  "viewport": {
    "low": {
      "latitude": -33.8665360802915,
      "longitude": 151.20918571970853
    },
    "high": {
      "latitude": -33.863838119708504,
      "longitude": 151.21188368029152
    }
  },
  "rating": 4.6,
  "googleMapsUri": "https://maps.google.com/?cid=11838325964603896806",
  "websiteUri": "https://www.swillhouse.com/venues/restaurant-hubert",
  "regularOpeningHours": {
    "openNow": false,
    "periods": [
      {
        "open": {
          "day": 0,
          "hour": 12,
          "minute": 0
        },
        "close": {
          "day": 0,
          "hour": 15,
          "minute": 0
        }
      },
      {
        "open": {
          "day": 0,
          "hour": 17,
          "minute": 0
        },
        "close": {
          "day": 1,
          "hour": 0,
          "minute": 0
        }
      },
      {
        "open": {
          "day": 1,
          "hour": 12,
          "minute": 0
        },
        "close": {
          "day": 1,
          "hour": 15,
          "minute": 0
        }
      },
      {
        "open": {
          "day": 1,
          "hour": 17,
          "minute": 0
        },
        "close": {
          "day": 2,
          "hour": 0,
          "minute": 0
        }
      },
      {
        "open": {
          "day": 2,
          "hour": 12,
          "minute": 0
        },
        "close": {
          "day": 2,
          "hour": 15,
          "minute": 0
        }
      },
      {
        "open": {
          "day": 2,
          "hour": 17,
          "minute": 0
        },
        "close": {
          "day": 3,
          "hour": 0,
          "minute": 0
        }
      },
      {
        "open": {
          "day": 3,
          "hour": 12,
          "minute": 0
        },
        "close": {
          "day": 3,
          "hour": 15,
          "minute": 0
        }
      },
      {
        "open": {
          "day": 3,
          "hour": 17,
          "minute": 0
        },
        "close": {
          "day": 4,
          "hour": 0,
          "minute": 0
        }
      },
      {
        "open": {
          "day": 4,
          "hour": 12,
          "minute": 0
        },
        "close": {
          "day": 4,
          "hour": 15,
          "minute": 0
        }
      },
      {
        "open": {
          "day": 4,
          "hour": 17,
          "minute": 0
        },
        "close": {
          "day": 5,
          "hour": 0,
          "minute": 0
        }
      },
      {
        "open": {
          "day": 5,
          "hour": 12,
          "minute": 0
        },
        "close": {
          "day": 5,
          "hour": 15,
          "minute": 0
        }
      },
      {
        "open": {
          "day": 5,
          "hour": 17,
          "minute": 0
        },
        "close": {
          "day": 6,
          "hour": 0,
          "minute": 0
        }
      },
      {
        "open": {
          "day": 6,
          "hour": 12,
          "minute": 0
        },
        "close": {
          "day": 6,
          "hour": 15,
          "minute": 0
        }
      },
      {
        "open": {
          "day": 6,
          "hour": 17,
          "minute": 0
        },
        "close": {
          "day": 0,
          "hour": 0,
          "minute": 0
        }
      }
    ],
    "weekdayDescriptions": [
      "Monday: 12:00 – 3:00 PM, 5:00 PM – 12:00 AM",
      "Tuesday: 12:00 – 3:00 PM, 5:00 PM – 12:00 AM",
      "Wednesday: 12:00 – 3:00 PM, 5:00 PM – 12:00 AM",
      "Thursday: 12:00 – 3:00 PM, 5:00 PM – 12:00 AM",
      "Friday: 12:00 – 3:00 PM, 5:00 PM – 12:00 AM",
      "Saturday: 12:00 – 3:00 PM, 5:00 PM – 12:00 AM",
      "Sunday: 12:00 – 3:00 PM, 5:00 PM – 12:00 AM"
    ]
  },
  "utcOffsetMinutes": 600,
  "adrFormatAddress": "\u003cspan class=\"street-address\"\u003e15 Bligh St\u003c/span\u003e, \u003cspan class=\"locality\"\u003eSydney\u003c/span\u003e \u003cspan class=\"region\"\u003eNSW\u003c/span\u003e \u003cspan class=\"postal-code\"\u003e2000\u003c/span\u003e, \u003cspan class=\"country-name\"\u003eAustralia\u003c/span\u003e",
  "businessStatus": "OPERATIONAL",
  "priceLevel": "PRICE_LEVEL_EXPENSIVE",
  "userRatingCount": 3980,
  "iconMaskBaseUri": "https://maps.gstatic.com/mapfiles/place_api/icons/v2/restaurant_pinlet",
  "iconBackgroundColor": "#FF9E67",
  "displayName": {
    "text": "Restaurant Hubert",
    "languageCode": "en"
  },
  "primaryTypeDisplayName": {
    "text": "French restaurant",
    "languageCode": "en"
  },
  "takeout": false,
  "delivery": false,
  "dineIn": true,
  "reservable": true,
  "servesBreakfast": false,
  "servesLunch": true,
  "servesDinner": true,
  "servesBeer": true,
  "servesWine": true,
  "servesBrunch": false,
  "currentOpeningHours": {
    "openNow": false,
    "periods": [
      {
        "open": {
          "day": 0,
          "hour": 12,
          "minute": 0,
          "date": {
            "year": 2024,
            "month": 8,
            "day": 4
          }
        },
        "close": {
          "day": 0,
          "hour": 15,
          "minute": 0,
          "date": {
            "year": 2024,
            "month": 8,
            "day": 4
          }
        }
      },
      {
        "open": {
          "day": 0,
          "hour": 17,
          "minute": 0,
          "date": {
            "year": 2024,
            "month": 8,
            "day": 4
          }
        },
        "close": {
          "day": 1,
          "hour": 0,
          "minute": 0,
          "date": {
            "year": 2024,
            "month": 8,
            "day": 5
          }
        }
      },
      {
        "open": {
          "day": 1,
          "hour": 12,
          "minute": 0,
          "date": {
            "year": 2024,
            "month": 8,
            "day": 5
          }
        },
        "close": {
          "day": 1,
          "hour": 15,
          "minute": 0,
          "date": {
            "year": 2024,
            "month": 8,
            "day": 5
          }
        }
      },
      {
        "open": {
          "day": 1,
          "hour": 17,
          "minute": 0,
          "date": {
            "year": 2024,
            "month": 8,
            "day": 5
          }
        },
        "close": {
          "day": 2,
          "hour": 0,
          "minute": 0,
          "date": {
            "year": 2024,
            "month": 8,
            "day": 6
          }
        }
      },
      {
        "open": {
          "day": 2,
          "hour": 12,
          "minute": 0,
          "date": {
            "year": 2024,
            "month": 8,
            "day": 6
          }
        },
        "close": {
          "day": 2,
          "hour": 15,
          "minute": 0,
          "date": {
            "year": 2024,
            "month": 8,
            "day": 6
          }
        }
      },
      {
        "open": {
          "day": 2,
          "hour": 17,
          "minute": 0,
          "date": {
            "year": 2024,
            "month": 8,
            "day": 6
          }
        },
        "close": {
          "day": 2,
          "hour": 23,
          "minute": 59,
          "truncated": true,
          "date": {
            "year": 2024,
            "month": 8,
            "day": 6
          }
        }
      },
      {
        "open": {
          "day": 3,
          "hour": 12,
          "minute": 0,
          "date": {
            "year": 2024,
            "month": 7,
            "day": 31
          }
        },
        "close": {
          "day": 3,
          "hour": 15,
          "minute": 0,
          "date": {
            "year": 2024,
            "month": 7,
            "day": 31
          }
        }
      },
      {
        "open": {
          "day": 3,
          "hour": 17,
          "minute": 0,
          "date": {
            "year": 2024,
            "month": 7,
            "day": 31
          }
        },
        "close": {
          "day": 4,
          "hour": 0,
          "minute": 0,
          "date": {
            "year": 2024,
            "month": 8,
            "day": 1
          }
        }
      },
      {
        "open": {
          "day": 4,
          "hour": 12,
          "minute": 0,
          "date": {
            "year": 2024,
            "month": 8,
            "day": 1
          }
        },
        "close": {
          "day": 4,
          "hour": 15,
          "minute": 0,
          "date": {
            "year": 2024,
            "month": 8,
            "day": 1
          }
        }
      },
      {
        "open": {
          "day": 4,
          "hour": 17,
          "minute": 0,
          "date": {
            "year": 2024,
            "month": 8,
            "day": 1
          }
        },
        "close": {
          "day": 5,
          "hour": 0,
          "minute": 0,
          "date": {
            "year": 2024,
            "month": 8,
            "day": 2
          }
        }
      },
      {
        "open": {
          "day": 5,
          "hour": 12,
          "minute": 0,
          "date": {
            "year": 2024,
            "month": 8,
            "day": 2
          }
        },
        "close": {
          "day": 5,
          "hour": 15,
          "minute": 0,
          "date": {
            "year": 2024,
            "month": 8,
            "day": 2
          }
        }
      },
      {
        "open": {
          "day": 5,
          "hour": 17,
          "minute": 0,
          "date": {
            "year": 2024,
            "month": 8,
            "day": 2
          }
        },
        "close": {
          "day": 6,
          "hour": 0,
          "minute": 0,
          "date": {
            "year": 2024,
            "month": 8,
            "day": 3
          }
        }
      },
      {
        "open": {
          "day": 6,
          "hour": 12,
          "minute": 0,
          "date": {
            "year": 2024,
            "month": 8,
            "day": 3
          }
        },
        "close": {
          "day": 6,
          "hour": 15,
          "minute": 0,
          "date": {
            "year": 2024,
            "month": 8,
            "day": 3
          }
        }
      },
      {
        "open": {
          "day": 6,
          "hour": 17,
          "minute": 0,
          "date": {
            "year": 2024,
            "month": 8,
            "day": 3
          }
        },
        "close": {
          "day": 0,
          "hour": 0,
          "minute": 0,
          "date": {
            "year": 2024,
            "month": 8,
            "day": 4
          }
        }
      }
    ],
    "weekdayDescriptions": [
      "Monday: 12:00 – 3:00 PM, 5:00 PM – 12:00 AM",
      "Tuesday: 12:00 – 3:00 PM, 5:00 PM – 12:00 AM",
      "Wednesday: 12:00 – 3:00 PM, 5:00 PM – 12:00 AM",
      "Thursday: 12:00 – 3:00 PM, 5:00 PM – 12:00 AM",
      "Friday: 12:00 – 3:00 PM, 5:00 PM – 12:00 AM",
      "Saturday: 12:00 – 3:00 PM, 5:00 PM – 12:00 AM",
      "Sunday: 12:00 – 3:00 PM, 5:00 PM – 12:00 AM"
    ]
  },
  "primaryType": "french_restaurant",
  "shortFormattedAddress": "15 Bligh St, Sydney",
  "editorialSummary": {
    "text": "Classic French dishes showcased in a sophisticated venue featuring a lively bar & vintage decor.",
    "languageCode": "en"
  },
  "reviews": [
    {
      "name": "places/ChIJF5-RdGquEmsR5rN_H74uSqQ/reviews/ChdDSUhNMG9nS0VJQ0FnSURyNUllN2d3RRAB",
      "relativePublishTimeDescription": "2 weeks ago",
      "rating": 4,
      "text": {
        "text": "I'm very happy to have booked such a good restaurant for our anniversary. The food was impeccable. Although it was my first time trying French escargot, it tasted really amazing. The steak was definitely one of the top three in my life. However, if I had to point out a downside, it would be that the live music was too loud. My partner and I had to lean in very close to hear each other. Other than that, the food and atmosphere were excellent. I recommend those who want to dine here to avoid seats near the stage.",
        "languageCode": "en"
      },
      "originalText": {
        "text": "I'm very happy to have booked such a good restaurant for our anniversary. The food was impeccable. Although it was my first time trying French escargot, it tasted really amazing. The steak was definitely one of the top three in my life. However, if I had to point out a downside, it would be that the live music was too loud. My partner and I had to lean in very close to hear each other. Other than that, the food and atmosphere were excellent. I recommend those who want to dine here to avoid seats near the stage.",
        "languageCode": "en"
      },
      "authorAttribution": {
        "displayName": "菜雞",
        "uri": "https://www.google.com/maps/contrib/109527843631809161624/reviews",
        "photoUri": "https://lh3.googleusercontent.com/a-/ALV-UjXBsXdg4Zc1Wz1uERYia6zqs8pKg44i5LCnK0NADwhE30qtcaPp=s128-c0x00000000-cc-rp-mo-ba4"
      },
      "publishTime": "2024-07-15T07:33:43Z"
    },
    {
      "name": "places/ChIJF5-RdGquEmsR5rN_H74uSqQ/reviews/ChdDSUhNMG9nS0VJQ0FnSURyMG9YWGxnRRAB",
      "relativePublishTimeDescription": "2 weeks ago",
      "rating": 5,
      "text": {
        "text": "We went for Sunday happy hour and we’re not disappointed. There was also live jazz in the main area as well. The happy hour specials are phenomenal. But above that is the taste. The taste of everything was exceptional and utterly delicious. Definitely head here for a visit, you won’t be disappointed.",
        "languageCode": "en"
      },
      "originalText": {
        "text": "We went for Sunday happy hour and we’re not disappointed. There was also live jazz in the main area as well. The happy hour specials are phenomenal. But above that is the taste. The taste of everything was exceptional and utterly delicious. Definitely head here for a visit, you won’t be disappointed.",
        "languageCode": "en"
      },
      "authorAttribution": {
        "displayName": "Warren Wigh",
        "uri": "https://www.google.com/maps/contrib/111596057206273231069/reviews",
        "photoUri": "https://lh3.googleusercontent.com/a-/ALV-UjXbQ0QygQJb1DFGrbgZNK5UqdXWA_4DLti6AW7ytkyPv1qAXtQd=s128-c0x00000000-cc-rp-mo-ba6"
      },
      "publishTime": "2024-07-16T12:16:55Z"
    },
    {
      "name": "places/ChIJF5-RdGquEmsR5rN_H74uSqQ/reviews/ChdDSUhNMG9nS0VJQ0FnSURMajRLeWlnRRAB",
      "relativePublishTimeDescription": "4 weeks ago",
      "rating": 5,
      "text": {
        "text": "I’ve been waiting to come here and finally came here for my birthday.\nAnd I have to say it’s worth the hype.\nThe interior is absolutely gorgeous with dim warm lighting, the table set up and frames all around the restaurant.\nI was surprised of how big the restaurant is and how lively and full it was accompanied by live jazz music.\n\nI would recommend booking a soon as it’s available as it is a very popular restaurant and I get it is worth the hype, and I would love to come back with my family or friends that come from overseas.\n\nThe food was delightful, especially the king fish and escargot.\n\n❤️",
        "languageCode": "en"
      },
      "originalText": {
        "text": "I’ve been waiting to come here and finally came here for my birthday.\nAnd I have to say it’s worth the hype.\nThe interior is absolutely gorgeous with dim warm lighting, the table set up and frames all around the restaurant.\nI was surprised of how big the restaurant is and how lively and full it was accompanied by live jazz music.\n\nI would recommend booking a soon as it’s available as it is a very popular restaurant and I get it is worth the hype, and I would love to come back with my family or friends that come from overseas.\n\nThe food was delightful, especially the king fish and escargot.\n\n❤️",
        "languageCode": "en"
      },
      "authorAttribution": {
        "displayName": "Sue L",
        "uri": "https://www.google.com/maps/contrib/105668750449320888659/reviews",
        "photoUri": "https://lh3.googleusercontent.com/a-/ALV-UjVp8bOEq1c4YvsH5D3fMwM4Kvx2CJBtb3-tIqkEUaFB5OOMg23B=s128-c0x00000000-cc-rp-mo-ba5"
      },
      "publishTime": "2024-07-02T08:51:35Z"
    },
    {
      "name": "places/ChIJF5-RdGquEmsR5rN_H74uSqQ/reviews/ChZDSUhNMG9nS0VJQ0FnSURyLXZLSUtBEAE",
      "relativePublishTimeDescription": "a week ago",
      "rating": 4,
      "text": {
        "text": "Ambiance is like 1950s, very nostalgic, and even with live band playing classic songs during lunch. It is one of the hidden gems in Sydney, and I love the quality of their food..so tasty! Just giving 4stars on food because of the price, it is more expensive than what I expected it to be. Overall good french restaurant to try.",
        "languageCode": "en"
      },
      "originalText": {
        "text": "Ambiance is like 1950s, very nostalgic, and even with live band playing classic songs during lunch. It is one of the hidden gems in Sydney, and I love the quality of their food..so tasty! Just giving 4stars on food because of the price, it is more expensive than what I expected it to be. Overall good french restaurant to try.",
        "languageCode": "en"
      },
      "authorAttribution": {
        "displayName": "Ariane Francesca Paguia",
        "uri": "https://www.google.com/maps/contrib/103972924203298713304/reviews",
        "photoUri": "https://lh3.googleusercontent.com/a-/ALV-UjUkTgbkAZRJNQ_sh6lbpkZ34JPS0RXkDLboLfP8iGK_fpdI2-xutA=s128-c0x00000000-cc-rp-mo-ba5"
      },
      "publishTime": "2024-07-17T02:58:09Z"
    },
    {
      "name": "places/ChIJF5-RdGquEmsR5rN_H74uSqQ/reviews/ChdDSUhNMG9nS0VJQ0FnSUQ5NWVYTnZBRRAB",
      "relativePublishTimeDescription": "4 months ago",
      "rating": 5,
      "text": {
        "text": "Having lived in Australia for 9 years, I can confidently say that this restaurant sets the bar high in terms of both food quality, ambiance, and entertainment. From the moment you step in, you're greeted with a welcoming atmosphere that instantly puts you at ease. The food is consistently excellent, showcasing a perfect balance of flavors and freshness. Whether you're craving something comforting or adventurous, their menu offers a delightful range of options to satisfy any palate. What sets this establishment apart is not only its attention to detail in presentation and service but also its captivating live jazz band. The soothing melodies add another layer of enjoyment to an already exceptional dining experience. It's become a favorite spot of mine over the years, and I always look forward to returning for another memorable evening filled with great food, ambiance, and live music.",
        "languageCode": "en"
      },
      "originalText": {
        "text": "Having lived in Australia for 9 years, I can confidently say that this restaurant sets the bar high in terms of both food quality, ambiance, and entertainment. From the moment you step in, you're greeted with a welcoming atmosphere that instantly puts you at ease. The food is consistently excellent, showcasing a perfect balance of flavors and freshness. Whether you're craving something comforting or adventurous, their menu offers a delightful range of options to satisfy any palate. What sets this establishment apart is not only its attention to detail in presentation and service but also its captivating live jazz band. The soothing melodies add another layer of enjoyment to an already exceptional dining experience. It's become a favorite spot of mine over the years, and I always look forward to returning for another memorable evening filled with great food, ambiance, and live music.",
        "languageCode": "en"
      },
      "authorAttribution": {
        "displayName": "lam wai keung",
        "uri": "https://www.google.com/maps/contrib/117553440274262875570/reviews",
        "photoUri": "https://lh3.googleusercontent.com/a-/ALV-UjW8K8kfRpMzAUghfMFjrXTIJWpz3_NBag6yoiwU8C7oHH8i2ywy=s128-c0x00000000-cc-rp-mo-ba2"
      },
      "publishTime": "2024-03-19T07:46:32Z"
    }
  ],
  "photos": [
    {
      "name": "places/ChIJF5-RdGquEmsR5rN_H74uSqQ/photos/AelY_CuqWFRS5LK554SnlRWGu4o99Lzf8wA9dDxCU1Lnslb4-v6ef9Iqw81sMTz7tNgtUL-BoBi-CetST4ebSG22Ny2ednWJCVm65DV8g9ZN_z0QvTg7HFI6W9KDVISrFwib3wb2FptSTC8pqRpK5gWYEc6wte-bV_CNJxL5",
      "widthPx": 4032,
      "heightPx": 3024,
      "authorAttributions": [
        {
          "displayName": "Keely Livinia",
          "uri": "//maps.google.com/maps/contrib/112737517464657491180",
          "photoUri": "//lh3.googleusercontent.com/a-/ALV-UjX5ejwWMVOfxrv6QZ_z7O5qthEOE5SYBWS23IY0-F1lUh_sEs4=s100-p-k-no-mo"
        }
      ]
    },
    {
      "name": "places/ChIJF5-RdGquEmsR5rN_H74uSqQ/photos/AelY_CtLonIryCco1XxPxqrWM3FC3wuRjvx4lpVmAUpleaUcyvpGVHGKXPUcfRpoztXIUYtdCAWf5rSAEzS993SphQ8VeCWc3Vlkf1jhk8PUH03kMZve4ncWzj2P1TMli32Y6j82FXlZOYPGZtS5R47zN2ccoYI_CShKG5Fq",
      "widthPx": 4032,
      "heightPx": 3024,
      "authorAttributions": [
        {
          "displayName": "Marco Isidor Tan",
          "uri": "//maps.google.com/maps/contrib/105407244397966604527",
          "photoUri": "//lh3.googleusercontent.com/a-/ALV-UjWsWgQ7nNrWcEs7t483ozTsSpFgSTZbB3gycU29PRf1JS-30QAdQg=s100-p-k-no-mo"
        }
      ]
    },
    {
      "name": "places/ChIJF5-RdGquEmsR5rN_H74uSqQ/photos/AelY_CsLYy-5gXH8SSzTfiF7WLBrF5jGq-H7orDF8stoyZt8BGllg1ynt2_QqbXFQQmSEbhhS3N0mQ3szQLGmuu0vQ4vvP4LJdeyekdeQ45IlffR_sABCjgGgjhFqmP-N9RfLo7J-a3lLsy0KUoDo-NK_7yPdVPG12OE5VP8",
      "widthPx": 3600,
      "heightPx": 4800,
      "authorAttributions": [
        {
          "displayName": "Maikeru Zhang (Maikeruru)",
          "uri": "//maps.google.com/maps/contrib/101005916920380694282",
          "photoUri": "//lh3.googleusercontent.com/a-/ALV-UjVCZH1UxkmsZvQQC5UatXVmyomVUlJmePKRLhuM0epacEXzQhFz=s100-p-k-no-mo"
        }
      ]
    },
    {
      "name": "places/ChIJF5-RdGquEmsR5rN_H74uSqQ/photos/AelY_CtuttMTkLtYoNgS0e1sk8LSY2T5jV-uANqFos0X68ek_wyPkv6Zk2PguJra0_WAo4h28cGYqMx0hJ3UMwFJFMCmRV9kOh__OB5q-S1cSvNMaIooIMnT3nxBnpYFB-4huw8DwneIvVMEcvc3yFD_HQhk8AxMBunHVaiL",
      "widthPx": 2160,
      "heightPx": 2160,
      "authorAttributions": [
        {
          "displayName": "TC",
          "uri": "//maps.google.com/maps/contrib/104266155031923927845",
          "photoUri": "//lh3.googleusercontent.com/a-/ALV-UjVVsQhlqtL9H0ME6TDe4OMGWpsPza62OBMfqEv6t9ZikhjhoH-V=s100-p-k-no-mo"
        }
      ]
    },
    {
      "name": "places/ChIJF5-RdGquEmsR5rN_H74uSqQ/photos/AelY_CvJofCHxAt9gNXp4oFtCsWeH6OYzPjNGlAiGhsGuPPaxQQgk3lAJfza96XLNlAkJQwOO8xgACmYWpYm2gYVPn8Rx8TclUHNPmZBtTg-iGio1rjUyrmMKXAmuIZo6sJ2b7LjTSRdXuNNy-jKuQY2C0LfvZ4D6TpvBj2t",
      "widthPx": 3600,
      "heightPx": 4800,
      "authorAttributions": [
        {
          "displayName": "Wu Moon",
          "uri": "//maps.google.com/maps/contrib/117240357630278551088",
          "photoUri": "//lh3.googleusercontent.com/a/ACg8ocJNBHPhVvjKKp_TogT4_qmedLxeQYB4gMS2RQk19XcKMbidSw=s100-p-k-no-mo"
        }
      ]
    },
    {
      "name": "places/ChIJF5-RdGquEmsR5rN_H74uSqQ/photos/AelY_Cs_N6ODnSSmlfaJJE4Q60_nyc-Fnpo9TIDb_hdiqeUfhtojRXYxUlujOlmIUPf2Bk-xPyZ4Wy5KyrNJ_PJtYLpnatVusaXfNwgZ3kE62MB8wX32rI31uroXLf2laVuZKtwvJ46ma1Z58ewvM3idBdQIygQ6WkhbIwbw",
      "widthPx": 4032,
      "heightPx": 3024,
      "authorAttributions": [
        {
          "displayName": "Pretty Gouda",
          "uri": "//maps.google.com/maps/contrib/113652769039025785401",
          "photoUri": "//lh3.googleusercontent.com/a-/ALV-UjWdi_KblxsFijT4No7Exs9ZUXmiW-51f9OM1aDk7l0LeDc4-5M=s100-p-k-no-mo"
        }
      ]
    },
    {
      "name": "places/ChIJF5-RdGquEmsR5rN_H74uSqQ/photos/AelY_CsG8YS9g09Uazu_eKIUA4ed_7FdiO53I_nyAz_Uwn4UjAtFAh5_L0waeAantBvQS4m9tWvswHQ5CEugcImV1paq8a78CI-SfTKTxcdExVFZVq-BnsH_pptKfGjPGwRBU6Mvi7fLfTrAhbN75mlHFlC_WJ0jmwJG6l-1",
      "widthPx": 3000,
      "heightPx": 4000,
      "authorAttributions": [
        {
          "displayName": "Ruben",
          "uri": "//maps.google.com/maps/contrib/114482236208828970193",
          "photoUri": "//lh3.googleusercontent.com/a-/ALV-UjX7Yv02gj8bGVMDmX7QkS65eMKhe2cB3grLMj9Tx8JmuDdXI2B_kQ=s100-p-k-no-mo"
        }
      ]
    },
    {
      "name": "places/ChIJF5-RdGquEmsR5rN_H74uSqQ/photos/AelY_CtXyvuS76K7d10cWMGndRIsVz6avO3sbd7fAcpTMxTDbFsnZJIqIt6OFOP1NjZlYVcwwSDN86v7fQRMAVJEE3lLscBbvorFBVpu9E2oZ4bdKrqAFNpKEr1myQP_ABQukR2bm0u6qytog3sI6q0BNisKOss8TNt-1wnq",
      "widthPx": 3024,
      "heightPx": 4032,
      "authorAttributions": [
        {
          "displayName": "Devina Gwenyth",
          "uri": "//maps.google.com/maps/contrib/105461905826793423547",
          "photoUri": "//lh3.googleusercontent.com/a/ACg8ocKMnnft-_FQEwZtPKgb8swSqGsIp_Dvs3jzfFEkU5hXIlrHRM0=s100-p-k-no-mo"
        }
      ]
    },
    {
      "name": "places/ChIJF5-RdGquEmsR5rN_H74uSqQ/photos/AelY_CscSjFXPw2DjjOaxN7qm8ZlxVkx_ZzlECxSZbyL1t9Hkg0GZfZ6sgdhhix89GfDTbzYuOsRTFw8sJDu9e_nqqqwJTObDa9RRfa-L2nFE3hfL5f89meRRcbHvLGxAI04izUWngYSE9w8lqhDAbpaKXlX8uxy_Iqcfb5Z",
      "widthPx": 3600,
      "heightPx": 4800,
      "authorAttributions": [
        {
          "displayName": "Maikeru Zhang (Maikeruru)",
          "uri": "//maps.google.com/maps/contrib/101005916920380694282",
          "photoUri": "//lh3.googleusercontent.com/a-/ALV-UjVCZH1UxkmsZvQQC5UatXVmyomVUlJmePKRLhuM0epacEXzQhFz=s100-p-k-no-mo"
        }
      ]
    },
    {
      "name": "places/ChIJF5-RdGquEmsR5rN_H74uSqQ/photos/AelY_Cukg8rcBKzbrG4j4zolharmiGjN2GAlWLbRmlNenbj2_p64g8Fsnn6o2lWsTQXqNM8hgpP8dGbhJ-ak30myKD9udhoUt-F3S4YzcJeezd3uYeFLT1050LmrQKGoaXT8McA0ETYR6o2IhMz3zePknUbO-QsL9O8FdkHm",
      "widthPx": 3024,
      "heightPx": 4032,
      "authorAttributions": [
        {
          "displayName": "Jinru Liu",
          "uri": "//maps.google.com/maps/contrib/117247892541350530670",
          "photoUri": "//lh3.googleusercontent.com/a/ACg8ocK3-eT2cIrzVs3ST8KDJSIfuouQuNnlJEN6F23iSkJ8jhfUR4A=s100-p-k-no-mo"
        }
      ]
    }
  ],
  "outdoorSeating": false,
  "liveMusic": true,
  "menuForChildren": false,
  "servesCocktails": true,
  "servesDessert": true,
  "servesCoffee": true,
  "goodForChildren": false,
  "allowsDogs": false,
  "restroom": true,
  "goodForGroups": true,
  "goodForWatchingSports": false,
  "paymentOptions": {
    "acceptsCreditCards": true,
    "acceptsDebitCards": true,
    "acceptsCashOnly": false,
    "acceptsNfc": true
  },
  "parkingOptions": {
    "paidParkingLot": true,
    "paidStreetParking": true
  },
  "accessibilityOptions": {
    "wheelchairAccessibleParking": false,
    "wheelchairAccessibleEntrance": true,
    "wheelchairAccessibleRestroom": true,
    "wheelchairAccessibleSeating": true
  }
}