{
	"name": "places/ChIJwWB_qT2uEmsRbE92vXMyX4Q",
	"id": "ChIJwWB_qT2uEmsRbE92vXMyX4Q",
	"types": [
		"vegan_restaurant",
		"vegetarian_restaurant",
		"chinese_restaurant",
		"restaurant",
		"point_of_interest",
		"food",
		"establishment"
	],
	"nationalPhoneNumber": "(02) 9283 2828",
	"internationalPhoneNumber": "+61 2 9283 2828",
	"formattedAddress": "367 Pitt St, Sydney NSW 2000, Australia",
	"addressComponents": [
		{
			"longText": "367",
			"shortText": "367",
			"types": [
				"street_number"
			],
			"languageCode": "en-US"
		},
		{
			"longText": "Pitt Street",
			"shortText": "Pitt St",
			"types": [
				"route"
			],
			"languageCode": "en"
		},
		{
			"longText": "Sydney",
			"shortText": "Sydney",
			"types": [
				"locality",
				"political"
			],
			"languageCode": "en"
		},
		{
			"longText": "Council of the City of Sydney",
			"shortText": "Sydney",
			"types": [
				"administrative_area_level_2",
				"political"
			],
			"languageCode": "en"
		},
		{
			"longText": "New South Wales",
			"shortText": "NSW",
			"types": [
				"administrative_area_level_1",
				"political"
			],
			"languageCode": "en"
		},
		{
			"longText": "Australia",
			"shortText": "AU",
			"types": [
				"country",
				"political"
			],
			"languageCode": "en"
		},
		{
			"longText": "2000",
			"shortText": "2000",
			"types": [
				"postal_code"
			],
			"languageCode": "en-US"
		}
	],
	"plusCode": {
		"globalCode": "4RRH46F5+J4",
		"compoundCode": "46F5+J4 Sydney NSW, Australia"
	},
	"location": {
		"latitude": -33.875924999999995,
		"longitude": 151.20777099999998
	},
	"viewport": {
		"low": {
			"latitude": -33.8772741802915,
			"longitude": 151.20647441970848
		},
		"high": {
			"latitude": -33.8745762197085,
			"longitude": 151.20917238029145
		}
	},
	"rating": 4.4,
	"googleMapsUri": "https://maps.google.com/?cid=9538398008475275116",
	"websiteUri": "http://www.motherchusvegetarian.com.au/",
	"regularOpeningHours": {
		"openNow": false,
		"periods": [
			{
				"open": {
					"day": 1,
					"hour": 12,
					"minute": 0
				},
				"close": {
					"day": 1,
					"hour": 15,
					"minute": 0
				}
			},
			{
				"open": {
					"day": 1,
					"hour": 17,
					"minute": 0
				},
				"close": {
					"day": 1,
					"hour": 21,
					"minute": 0
				}
			},
			{
				"open": {
					"day": 2,
					"hour": 12,
					"minute": 0
				},
				"close": {
					"day": 2,
					"hour": 15,
					"minute": 0
				}
			},
			{
				"open": {
					"day": 2,
					"hour": 17,
					"minute": 0
				},
				"close": {
					"day": 2,
					"hour": 21,
					"minute": 0
				}
			},
			{
				"open": {
					"day": 3,
					"hour": 12,
					"minute": 0
				},
				"close": {
					"day": 3,
					"hour": 15,
					"minute": 0
				}
			},
			{
				"open": {
					"day": 3,
					"hour": 17,
					"minute": 0
				},
				"close": {
					"day": 3,
					"hour": 21,
					"minute": 0
				}
			},
			{
				"open": {
					"day": 4,
					"hour": 12,
					"minute": 0
				},
				"close": {
					"day": 4,
					"hour": 15,
					"minute": 0
				}
			},
			{
				"open": {
					"day": 4,
					"hour": 17,
					"minute": 0
				},
				"close": {
					"day": 4,
					"hour": 21,
					"minute": 0
				}
			},
			{
				"open": {
					"day": 5,
					"hour": 12,
					"minute": 0
				},
				"close": {
					"day": 5,
					"hour": 15,
					"minute": 0
				}
			},
			{
				"open": {
					"day": 5,
					"hour": 17,
					"minute": 0
				},
				"close": {
					"day": 5,
					"hour": 21,
					"minute": 0
				}
			},
			{
				"open": {
					"day": 6,
					"hour": 12,
					"minute": 0
				},
				"close": {
					"day": 6,
					"hour": 15,
					"minute": 0
				}
			},
			{
				"open": {
					"day": 6,
					"hour": 17,
					"minute": 0
				},
				"close": {
					"day": 6,
					"hour": 21,
					"minute": 0
				}
			}
		],
		"weekdayDescriptions": [
			"Monday: 12:00 – 3:00 PM, 5:00 – 9:00 PM",
			"Tuesday: 12:00 – 3:00 PM, 5:00 – 9:00 PM",
			"Wednesday: 12:00 – 3:00 PM, 5:00 – 9:00 PM",
			"Thursday: 12:00 – 3:00 PM, 5:00 – 9:00 PM",
			"Friday: 12:00 – 3:00 PM, 5:00 – 9:00 PM",
			"Saturday: 12:00 – 3:00 PM, 5:00 – 9:00 PM",
			"Sunday: Closed"
		]
	},
	"utcOffsetMinutes": 600,
	"adrFormatAddress": "\u003cspan class=\"street-address\"\u003e367 Pitt St\u003c/span\u003e, \u003cspan class=\"locality\"\u003eSydney\u003c/span\u003e \u003cspan class=\"region\"\u003eNSW\u003c/span\u003e \u003cspan class=\"postal-code\"\u003e2000\u003c/span\u003e, \u003cspan class=\"country-name\"\u003eAustralia\u003c/span\u003e",
	"businessStatus": "OPERATIONAL",
	"priceLevel": "PRICE_LEVEL_MODERATE",
	"userRatingCount": 936,
	"iconMaskBaseUri": "https://maps.gstatic.com/mapfiles/place_api/icons/v2/restaurant_pinlet",
	"iconBackgroundColor": "#FF9E67",
	"displayName": {
		"text": "Mother Chu's Vegetarian Kitchen",
		"languageCode": "en"
	},
	"primaryTypeDisplayName": {
		"text": "Vegan restaurant",
		"languageCode": "en"
	},
	"takeout": true,
	"delivery": true,
	"dineIn": true,
	"reservable": true,
	"servesBreakfast": false,
	"servesLunch": true,
	"servesDinner": true,
	"servesBeer": true,
	"servesBrunch": false,
	"servesVegetarianFood": true,
	"currentOpeningHours": {
		"openNow": false,
		"periods": [
			{
				"open": {
					"day": 1,
					"hour": 12,
					"minute": 0,
					"date": {
						"year": 2024,
						"month": 9,
						"day": 9
					}
				},
				"close": {
					"day": 1,
					"hour": 15,
					"minute": 0,
					"date": {
						"year": 2024,
						"month": 9,
						"day": 9
					}
				}
			},
			{
				"open": {
					"day": 1,
					"hour": 17,
					"minute": 0,
					"date": {
						"year": 2024,
						"month": 9,
						"day": 9
					}
				},
				"close": {
					"day": 1,
					"hour": 21,
					"minute": 0,
					"date": {
						"year": 2024,
						"month": 9,
						"day": 9
					}
				}
			},
			{
				"open": {
					"day": 2,
					"hour": 12,
					"minute": 0,
					"date": {
						"year": 2024,
						"month": 9,
						"day": 10
					}
				},
				"close": {
					"day": 2,
					"hour": 15,
					"minute": 0,
					"date": {
						"year": 2024,
						"month": 9,
						"day": 10
					}
				}
			},
			{
				"open": {
					"day": 2,
					"hour": 17,
					"minute": 0,
					"date": {
						"year": 2024,
						"month": 9,
						"day": 10
					}
				},
				"close": {
					"day": 2,
					"hour": 21,
					"minute": 0,
					"date": {
						"year": 2024,
						"month": 9,
						"day": 10
					}
				}
			},
			{
				"open": {
					"day": 3,
					"hour": 12,
					"minute": 0,
					"date": {
						"year": 2024,
						"month": 9,
						"day": 4
					}
				},
				"close": {
					"day": 3,
					"hour": 15,
					"minute": 0,
					"date": {
						"year": 2024,
						"month": 9,
						"day": 4
					}
				}
			},
			{
				"open": {
					"day": 3,
					"hour": 17,
					"minute": 0,
					"date": {
						"year": 2024,
						"month": 9,
						"day": 4
					}
				},
				"close": {
					"day": 3,
					"hour": 21,
					"minute": 0,
					"date": {
						"year": 2024,
						"month": 9,
						"day": 4
					}
				}
			},
			{
				"open": {
					"day": 4,
					"hour": 12,
					"minute": 0,
					"date": {
						"year": 2024,
						"month": 9,
						"day": 5
					}
				},
				"close": {
					"day": 4,
					"hour": 15,
					"minute": 0,
					"date": {
						"year": 2024,
						"month": 9,
						"day": 5
					}
				}
			},
			{
				"open": {
					"day": 4,
					"hour": 17,
					"minute": 0,
					"date": {
						"year": 2024,
						"month": 9,
						"day": 5
					}
				},
				"close": {
					"day": 4,
					"hour": 21,
					"minute": 0,
					"date": {
						"year": 2024,
						"month": 9,
						"day": 5
					}
				}
			},
			{
				"open": {
					"day": 5,
					"hour": 12,
					"minute": 0,
					"date": {
						"year": 2024,
						"month": 9,
						"day": 6
					}
				},
				"close": {
					"day": 5,
					"hour": 15,
					"minute": 0,
					"date": {
						"year": 2024,
						"month": 9,
						"day": 6
					}
				}
			},
			{
				"open": {
					"day": 5,
					"hour": 17,
					"minute": 0,
					"date": {
						"year": 2024,
						"month": 9,
						"day": 6
					}
				},
				"close": {
					"day": 5,
					"hour": 21,
					"minute": 0,
					"date": {
						"year": 2024,
						"month": 9,
						"day": 6
					}
				}
			},
			{
				"open": {
					"day": 6,
					"hour": 12,
					"minute": 0,
					"date": {
						"year": 2024,
						"month": 9,
						"day": 7
					}
				},
				"close": {
					"day": 6,
					"hour": 15,
					"minute": 0,
					"date": {
						"year": 2024,
						"month": 9,
						"day": 7
					}
				}
			},
			{
				"open": {
					"day": 6,
					"hour": 17,
					"minute": 0,
					"date": {
						"year": 2024,
						"month": 9,
						"day": 7
					}
				},
				"close": {
					"day": 6,
					"hour": 21,
					"minute": 0,
					"date": {
						"year": 2024,
						"month": 9,
						"day": 7
					}
				}
			}
		],
		"weekdayDescriptions": [
			"Monday: 12:00 – 3:00 PM, 5:00 – 9:00 PM",
			"Tuesday: 12:00 – 3:00 PM, 5:00 – 9:00 PM",
			"Wednesday: 12:00 – 3:00 PM, 5:00 – 9:00 PM",
			"Thursday: 12:00 – 3:00 PM, 5:00 – 9:00 PM",
			"Friday: 12:00 – 3:00 PM, 5:00 – 9:00 PM",
			"Saturday: 12:00 – 3:00 PM, 5:00 – 9:00 PM",
			"Sunday: Closed"
		]
	},
	"primaryType": "vegan_restaurant",
	"shortFormattedAddress": "367 Pitt St, Sydney",
	"editorialSummary": {
		"text": "Mixed Asian vegetarian meals like san chow pow, in a basic space with simple seating and comfy vibe.",
		"languageCode": "en"
	},
	"reviews": [
		{
			"name": "places/ChIJwWB_qT2uEmsRbE92vXMyX4Q/reviews/ChZDSUhNMG9nS0VJQ0FnSURibk9Ia0lBEAE",
			"relativePublishTimeDescription": "a month ago",
			"rating": 4,
			"text": {
				"text": "Went for dinner and ordered-\nMi goreng 1J\nCrispy bean curd 1D\nSoft rice noodle 2J\nSteam buns 9A\nCurry puff 3A\nPoached Chinese broccoli\nPlain rice.\n\nWe enjoyed the Crispy Bean Curd 1D with Rice, Soft Rice Noodle 2J, and Curry Puff 3A the most. However, the Mi Goreng was like spaghetti, and the Steam Buns 9A were sweet, so did not prefer them. The Poached Chinese Broccoli was particularly disappointing, with an overly salty and strongly flavored sauce.\n\nAbsolutely, when we go there next time, we can confidently order our favorite dishes. The best thing about this restaurant is that all the menus are vegetarian, so there's no need to hesitate when choosing what to order.\n\nWe arrived at 5 PM when it was empty, but by 6 PM, all the tables were full, the place was crowded, and people were waiting outside.",
				"languageCode": "en"
			},
			"originalText": {
				"text": "Went for dinner and ordered-\nMi goreng 1J\nCrispy bean curd 1D\nSoft rice noodle 2J\nSteam buns 9A\nCurry puff 3A\nPoached Chinese broccoli\nPlain rice.\n\nWe enjoyed the Crispy Bean Curd 1D with Rice, Soft Rice Noodle 2J, and Curry Puff 3A the most. However, the Mi Goreng was like spaghetti, and the Steam Buns 9A were sweet, so did not prefer them. The Poached Chinese Broccoli was particularly disappointing, with an overly salty and strongly flavored sauce.\n\nAbsolutely, when we go there next time, we can confidently order our favorite dishes. The best thing about this restaurant is that all the menus are vegetarian, so there's no need to hesitate when choosing what to order.\n\nWe arrived at 5 PM when it was empty, but by 6 PM, all the tables were full, the place was crowded, and people were waiting outside.",
				"languageCode": "en"
			},
			"authorAttribution": {
				"displayName": "Muna",
				"uri": "https://www.google.com/maps/contrib/100043172337288529726/reviews",
				"photoUri": "https://lh3.googleusercontent.com/a/ACg8ocLe4YjrqLDnHC1Tt56m4rJzNOX0RI5t6WWPofUNRxhlcgLvFwc=s128-c0x00000000-cc-rp-mo-ba4"
			},
			"publishTime": "2024-08-03T00:02:45Z"
		},
		{
			"name": "places/ChIJwWB_qT2uEmsRbE92vXMyX4Q/reviews/ChdDSUhNMG9nS0VJQ0FnSUM3dnNtYTVnRRAB",
			"relativePublishTimeDescription": "2 weeks ago",
			"rating": 5,
			"text": {
				"text": "Mother Chu’s is one of Sydney’s original vegetarian restaurants - it’s over 30 years old and always a favourite!\nThe dishes are all so wholesome and delicious - highly recommend the soya bean roll dishes. It’s very popular especially on a Saturday night.",
				"languageCode": "en"
			},
			"originalText": {
				"text": "Mother Chu’s is one of Sydney’s original vegetarian restaurants - it’s over 30 years old and always a favourite!\nThe dishes are all so wholesome and delicious - highly recommend the soya bean roll dishes. It’s very popular especially on a Saturday night.",
				"languageCode": "en"
			},
			"authorAttribution": {
				"displayName": "Elisa",
				"uri": "https://www.google.com/maps/contrib/116305863648461879703/reviews",
				"photoUri": "https://lh3.googleusercontent.com/a/ACg8ocIIfZUoJ34JfkU9rVuV2AmnUaqfRGH655rAKM4s9zXnF4XYcQ=s128-c0x00000000-cc-rp-mo-ba5"
			},
			"publishTime": "2024-08-16T04:47:33Z"
		},
		{
			"name": "places/ChIJwWB_qT2uEmsRbE92vXMyX4Q/reviews/ChdDSUhNMG9nS0VJQ0FnSURyaU9qUG53RRAB",
			"relativePublishTimeDescription": "a month ago",
			"rating": 5,
			"text": {
				"text": "We’ve been coming to Mother Chu’s for years now and it’s always a great dining experience. Tonight we had the steamed dim sims for the entrée, followed by the golden mushroom and soy sheet roulades in black pepper sauce. Both were delicious – the food is cooked fresh. We love the friendly staff and the beautiful Chinese calligraphy on the walls. Highly recommended for vegans, vegetarians and omnivores alike!",
				"languageCode": "en"
			},
			"originalText": {
				"text": "We’ve been coming to Mother Chu’s for years now and it’s always a great dining experience. Tonight we had the steamed dim sims for the entrée, followed by the golden mushroom and soy sheet roulades in black pepper sauce. Both were delicious – the food is cooked fresh. We love the friendly staff and the beautiful Chinese calligraphy on the walls. Highly recommended for vegans, vegetarians and omnivores alike!",
				"languageCode": "en"
			},
			"authorAttribution": {
				"displayName": "Nick Turner",
				"uri": "https://www.google.com/maps/contrib/112670207291335487790/reviews",
				"photoUri": "https://lh3.googleusercontent.com/a-/ALV-UjVZvonU2p2C7OT104Hm49Sc1TUH_SnvLg3oBA5uE-FjttaEOK3H=s128-c0x00000000-cc-rp-mo"
			},
			"publishTime": "2024-07-13T11:35:32Z"
		},
		{
			"name": "places/ChIJwWB_qT2uEmsRbE92vXMyX4Q/reviews/ChZDSUhNMG9nS0VJQ0FnSURMbUxXOFFnEAE",
			"relativePublishTimeDescription": "2 months ago",
			"rating": 5,
			"text": {
				"text": "Love every dish in this restaurant, vegetarian and almost all dishes can be made vegan! Portions are right for the price and taste above the price.",
				"languageCode": "en"
			},
			"originalText": {
				"text": "Love every dish in this restaurant, vegetarian and almost all dishes can be made vegan! Portions are right for the price and taste above the price.",
				"languageCode": "en"
			},
			"authorAttribution": {
				"displayName": "Michelle Chuang",
				"uri": "https://www.google.com/maps/contrib/106557885481406706741/reviews",
				"photoUri": "https://lh3.googleusercontent.com/a/ACg8ocIh2boZKU8n3PdimRXIHVmHiN0E0Pr8QdaD9RiWY-PIB3TdLTyK=s128-c0x00000000-cc-rp-mo-ba4"
			},
			"publishTime": "2024-06-25T06:41:10Z"
		},
		{
			"name": "places/ChIJwWB_qT2uEmsRbE92vXMyX4Q/reviews/ChdDSUhNMG9nS0VJQ0FnSURqanZIRnl3RRAB",
			"relativePublishTimeDescription": "4 months ago",
			"rating": 5,
			"text": {
				"text": "A great range of food choices and of the items we tried were delicious. Highly recommended for any vegetarian, vegan or flexitarian. Will be back again when in Sydney.",
				"languageCode": "en"
			},
			"originalText": {
				"text": "A great range of food choices and of the items we tried were delicious. Highly recommended for any vegetarian, vegan or flexitarian. Will be back again when in Sydney.",
				"languageCode": "en"
			},
			"authorAttribution": {
				"displayName": "Stephen Tan",
				"uri": "https://www.google.com/maps/contrib/107236997192268537521/reviews",
				"photoUri": "https://lh3.googleusercontent.com/a/ACg8ocInM-n3vCFr0fo1hyb1ulrhW2OzFCwBgsyJ0GuCQ8mYhDE2ZQ=s128-c0x00000000-cc-rp-mo-ba6"
			},
			"publishTime": "2024-05-03T06:12:05Z"
		}
	],
	"photos": [
		{
			"name": "places/ChIJwWB_qT2uEmsRbE92vXMyX4Q/photos/AXCi2Q7xDjdZnmMhC3MAsfZJJ-LCYegeiSFihVG_d6ZfGTf-6uTwEuuqd9GYLqMCGCPjC-WHCdNljFl4-qFk3EXhKW2QrCZyms1qW395vzSVcOpzGESphkMz-bx0DI-xXvKBZxgHv8GUUyT9JK3fazAWErQjOh7b9Uozvi7W",
			"widthPx": 4800,
			"heightPx": 3600,
			"authorAttributions": [
				{
					"displayName": "Casa Daisy",
					"uri": "https://maps.google.com/maps/contrib/108677747122890738780",
					"photoUri": "https://lh3.googleusercontent.com/a-/ALV-UjUCgACsL5meVz9SZTtTksWxagxObuOk8ZpXIwWsXBKPPG0cY8U6IA=s100-p-k-no-mo"
				}
			]
		},
		{
			"name": "places/ChIJwWB_qT2uEmsRbE92vXMyX4Q/photos/AXCi2Q5rCSnQ4r5OLDlJG1tLPQwxIbWXdox7chmRXZGJ6f_JLhfUcI-L0RQJxIbxx1139DVrcWrBs-kqzSJELzAlg1HxYwRdV-YWeFJHuSFc7sbkV-4sVcxFgcBZxq5Bv4n9YwB2v2YhlF9885Wk5qdwD-cz7eIreve8JEQd",
			"widthPx": 4800,
			"heightPx": 3696,
			"authorAttributions": [
				{
					"displayName": "Google Reviewer",
					"uri": "https://maps.google.com/maps/contrib/113398596746247734600",
					"photoUri": "https://lh3.googleusercontent.com/a/ACg8ocJ8oa2-9_EbKC-MDHL1NEiXV1nWAySTeaFbv2X_BzgoT8F1Qw=s100-p-k-no-mo"
				}
			]
		},
		{
			"name": "places/ChIJwWB_qT2uEmsRbE92vXMyX4Q/photos/AXCi2Q7DFkQcVaiSjlwNpTwh8qMBUh3JFcozsXkgMhfGSM6uHPIuPp56-MEgWGo-PYwg3f36FDtxqawoCYaLaaBLn5KS2euQmh214xA7e6hOWXS5vURX8jDlna4Lzp2F3WQHNkNNX5KEwoMRHuCNjL3fHicEPpz2WkSicvIf",
			"widthPx": 4032,
			"heightPx": 3024,
			"authorAttributions": [
				{
					"displayName": "Parth Bommakanti",
					"uri": "https://maps.google.com/maps/contrib/100840001826227256583",
					"photoUri": "https://lh3.googleusercontent.com/a-/ALV-UjWrJaFzaXbEh11V6IGu6oAukgh-DfaTXNOxtTUemECoXI8AH0k=s100-p-k-no-mo"
				}
			]
		},
		{
			"name": "places/ChIJwWB_qT2uEmsRbE92vXMyX4Q/photos/AXCi2Q5tuerTbTyE6d2GmL-xekbQMJejPW9lPEaoVg1ezvNM_J5G6fQaP5ZpaKIlmQ8bCaY4a2zpYh7-N7pR3Vs5n1jSaW-ckOMNNkErf19hhtRZfx4HQQU3MPxGIoxE3D26vlgdEV1mWY0AWJkVA6gWvGBbj2coC68iyP5o",
			"widthPx": 4032,
			"heightPx": 3024,
			"authorAttributions": [
				{
					"displayName": "KwanYu Yang",
					"uri": "https://maps.google.com/maps/contrib/107371256936717032390",
					"photoUri": "https://lh3.googleusercontent.com/a-/ALV-UjXhvCTr9E_mv0zHOn-hPi2WVxll7OvNTA-f9fxVCnOPveQBQsoKMA=s100-p-k-no-mo"
				}
			]
		},
		{
			"name": "places/ChIJwWB_qT2uEmsRbE92vXMyX4Q/photos/AXCi2Q7w20eZUUZ7_KwZdg7JdFdwdEpGAvY2dqHtPSsZX2Gj7QRjJHMmprrUt_4OzVMPOJ4HVHMX0fuYvWv2ZmKqWg5pcJtgT81aH5tED654Y-0mSnOTwdSdtnY2SitIlOfajadaWuxvmIKs-agv7sCKYFnqD1DamUltneQ-",
			"widthPx": 4000,
			"heightPx": 2252,
			"authorAttributions": [
				{
					"displayName": "Alex B",
					"uri": "https://maps.google.com/maps/contrib/106533245991852867533",
					"photoUri": "https://lh3.googleusercontent.com/a-/ALV-UjVDuFIaHGdy-ITET8GjidEYLoq7020Ko5PsuFb_X9dO5H3rpA0QwA=s100-p-k-no-mo"
				}
			]
		},
		{
			"name": "places/ChIJwWB_qT2uEmsRbE92vXMyX4Q/photos/AXCi2Q7DjEbyzc-PF7INIv6XIrgUIn7PuidyE4BrDWJMUxJwkjKyMNTKWIWY0qXjUY-_gh7_j6KuT_8LWZEpYA2wMum-UoHnMOK7iOvKQWyVEP5cHTSWmMdBbCUYveIYMQwz8wlPBpqjM4Pc50hAUOyymn2pizSQBXVcV_1G",
			"widthPx": 4032,
			"heightPx": 3024,
			"authorAttributions": [
				{
					"displayName": "Ian Argent",
					"uri": "https://maps.google.com/maps/contrib/100783096112652799807",
					"photoUri": "https://lh3.googleusercontent.com/a/ACg8ocLoQw7uhDCUsFtGWLH656wLZV1bXSKJQwAQBU6sjOAP0zWiFw=s100-p-k-no-mo"
				}
			]
		},
		{
			"name": "places/ChIJwWB_qT2uEmsRbE92vXMyX4Q/photos/AXCi2Q5jjSnhGyrbTNsZVtMyv5DHoeboE-ATND64yAm827GsoVCZ7vyF1V2yFuU16QMab7ysAerkPH2Hn7RZtEJsCtLTyLbDZ8Q2RhPRZpW91WKS0fBBLBxm7iry7qIpO6nXUMOKR8fFvTak3G99_toB_mFLOSF6qh8m9_BO",
			"widthPx": 1840,
			"heightPx": 1578,
			"authorAttributions": [
				{
					"displayName": "Google Reviewer",
					"uri": "https://maps.google.com/maps/contrib/113398596746247734600",
					"photoUri": "https://lh3.googleusercontent.com/a/ACg8ocJ8oa2-9_EbKC-MDHL1NEiXV1nWAySTeaFbv2X_BzgoT8F1Qw=s100-p-k-no-mo"
				}
			]
		},
		{
			"name": "places/ChIJwWB_qT2uEmsRbE92vXMyX4Q/photos/AXCi2Q47ZRc-SAmxPi7h56Gu1c-j9sM7-akAInSHqcUHbm1wv7DCkmhbpaZ7NSDNVwh0apmwVY55Lhn9Xnytrwi5yYI-UhBbjT0xSDRcMyhsnY0gAIWBPH-6mEJTE6p_s2qeLPA0tKMiprzEEyJJpykwSEPhUoq0HgGC4tHY",
			"widthPx": 2736,
			"heightPx": 3648,
			"authorAttributions": [
				{
					"displayName": "Nk Nk.",
					"uri": "https://maps.google.com/maps/contrib/117508144108278070340",
					"photoUri": "https://lh3.googleusercontent.com/a-/ALV-UjVHtogBJhtkqFt5zR12MrjYLDJVN9yyNNTueOGKzjlJh_iZmi4k=s100-p-k-no-mo"
				}
			]
		},
		{
			"name": "places/ChIJwWB_qT2uEmsRbE92vXMyX4Q/photos/AXCi2Q6OYfP4U8RCyYvlNEjnwlDRMB0WJ7WyErNr_zHDNUrjoa5LuC8XONwA1QavMKuq1Fso9rdPl6UkKZjNdBfzNP9d51RCzvFXkCsdEk2R8dnl3YGvLYOlZGmBJUichdoXDKmuolvIJH-aJuto7o0Z7Y956mJyhAWBmxcR",
			"widthPx": 4000,
			"heightPx": 3000,
			"authorAttributions": [
				{
					"displayName": "小草",
					"uri": "https://maps.google.com/maps/contrib/113648756483896664101",
					"photoUri": "https://lh3.googleusercontent.com/a/ACg8ocJRnZmEsR5JDt_KNfF7Er9w3BBizy9HfP6e3nwY_qrCFdsjoA=s100-p-k-no-mo"
				}
			]
		},
		{
			"name": "places/ChIJwWB_qT2uEmsRbE92vXMyX4Q/photos/AXCi2Q7wkq48f8U24e3IxRn489oANYiW1AL58NgKHFl0Zc2fJpJgRY2J3fZ7R-1BSHw1Y1RJkI7Z2Ky06SLq3WG-ZDtagHKIHMhRhHMx_UgaS82PMlac-upRYMebmx4bGLbihnwmtClEF61PeI9uGbIKvHj7o-_Rry7qvCZ3",
			"widthPx": 4032,
			"heightPx": 3024,
			"authorAttributions": [
				{
					"displayName": "Laz Frugal",
					"uri": "https://maps.google.com/maps/contrib/100308921116413501556",
					"photoUri": "https://lh3.googleusercontent.com/a/ACg8ocKGpXKZucpeicR1GOYUqRIQydYP4wO1HUY_OjgwQk0xSlhfMA=s100-p-k-no-mo"
				}
			]
		}
	],
	"outdoorSeating": true,
	"liveMusic": false,
	"menuForChildren": false,
	"servesCocktails": false,
	"servesDessert": true,
	"servesCoffee": false,
	"goodForChildren": true,
	"allowsDogs": false,
	"restroom": true,
	"goodForGroups": true,
	"goodForWatchingSports": false,
	"paymentOptions": {
		"acceptsCreditCards": true,
		"acceptsDebitCards": true,
		"acceptsCashOnly": false,
		"acceptsNfc": true
	},
	"parkingOptions": {
		"freeParkingLot": false
	},
	"accessibilityOptions": {
		"wheelchairAccessibleParking": false,
		"wheelchairAccessibleSeating": true
	}
}